// Jest Snapshot v1, https://goo.gl/fbAQLP

exports[`<PostCard />  should match snapshot 1`] = `
<div
  class="post"
>
  <img
    alt="title1"
    src="img/img.png"
  />
  <div
    class="post-content"
  >
    <h1>
      title1
       
      1
    </h1>
    <p>
      body 1
    </p>
  </div>
</div>
`;
