// Jest Snapshot v1, https://goo.gl/fbAQLP

exports[`<TextInput /> should matsh snapshot 1`] = `
<div>
  <div
    class="textInput"
  >
    <label
      class=""
      for="textInput"
    >
      Pesquisar
    </label>
    <input
      id="textInput"
      type="search"
      value="testando"
    />
  </div>
</div>
`;
